"","camargo"
"29-B1",0.730765468329665
"30-B1",0.594820684133514
"31-B2",0.593908886674212
"32-B3",0.407788848600574
"33-B1",0.199085808915475
"34-B1",0.268380394246137
"35-B2",0.542828154398402
"36-B3",0.92317880794702
"37-B1",0.625509755944539
"38-B2",0.736356136356136
"39-B3",0.629045489549081
"40-B1",0.804106150259996
"41-B2",0.71425908667288
"42-B3",0.5265
"44-B2",0.331186055323986
"45-B3",0.536369310060196
"46-B1",0.484654449105763
"47-B2",0.318648648648649
"48-B3",0.635704778038999
"49-B1",0.800627240143369
"50-B2",0.596688299793264
"52-B1",0.696636950061608
"53-B2",0.489197119231795
"54-B3",0.208268504112025
